{
  "top": {
    "data": {
      "mbuf-current": 10,
      "mbuf-cache": 20,
      "mbuf-total": 30,
      "distance": 50,
      "location": "Boston",
      "memory": 64,
      "total": 640,
      "memory": 64,
      "total": 640,
      "ten": 10,
      "eleven": 11,
      "unknown": 1010,
      "min": 15,
      "cur": 20,
      "max": 30,
      "min": 15,
      "cur": 20,
      "max": 125,
      "min": 15,
      "cur": 20,
      "max": 125,
      "min": 15,
      "cur": 20,
      "max": 125,
      "flag": [
         "one", "two", "three"
      ],
      "empty-tag": true,
      "t1": "1000",
      "t2": "test5000",
      "t3": "ten-longx",
      "t4": "xtest",
      "count": 10,
      "test": 4,
      "error": {
        "message": "Shut 'er down, Clancey!  She's a-pumpin' mud!  <>!,\"!<>\n"
      }
    }
  }
}
